[Backend] run_backend with routes={('POST', '/login'): <function login at 0x73bd04a4f380>, ('GET', '/whoami'): <function whoami at 0x73bd03f50c20>, ('POST', '/echo'): <function echo at 0x73bd03f50d60>, ('PUT', '/hello'): <function hello at 0x73bd03f50ea0>, ('POST', '/submit-info'): <function submit_info at 0x73bd03f51080>, ('GET', '/get-list'): <function get_list at 0x73bd03f511c0>, ('POST', '/add-list'): <function add_list at 0x73bd03f51260>, ('POST', '/connect-peer'): <function connect_peer at 0x73bd03f513a0>, ('POST', '/broadcast-peer'): <function broadcast_peer at 0x73bd03f514e0>, ('POST', '/send-peer'): <function send_peer at 0x73bd03f51620>}
[Backend] async_server **ASYNC** listening on port 9001
[Backend] route settings
   + ('POST', '/login'): <function login at 0x73bd04a4f380>
   + ('GET', '/whoami'): <function whoami at 0x73bd03f50c20>
   + ('POST', '/echo'): <function echo at 0x73bd03f50d60>
   + ('PUT', '/hello'): **ASYNC** <function hello at 0x73bd03f50ea0>
   + ('POST', '/submit-info'): <function submit_info at 0x73bd03f51080>
   + ('GET', '/get-list'): <function get_list at 0x73bd03f511c0>
   + ('POST', '/add-list'): <function add_list at 0x73bd03f51260>
   + ('POST', '/connect-peer'): <function connect_peer at 0x73bd03f513a0>
   + ('POST', '/broadcast-peer'): <function broadcast_peer at 0x73bd03f514e0>
   + ('POST', '/send-peer'): <function send_peer at 0x73bd03f51620>
Traceback (most recent call last):
  File "/workspaces/Mmt.assignment/CO3094-asynaprous/start_sampleapp.py", line 46, in <module>
    create_sampleapp(ip, port)
  File "/workspaces/Mmt.assignment/CO3094-asynaprous/apps/sampleapp.py", line 130, in create_sampleapp
    app.run()
  File "/workspaces/Mmt.assignment/CO3094-asynaprous/daemon/asynaprous.py", line 115, in run
    create_backend(self.ip, self.port, self.routes)
  File "/workspaces/Mmt.assignment/CO3094-asynaprous/daemon/backend.py", line 208, in create_backend
    run_backend(ip, port, routes)
  File "/workspaces/Mmt.assignment/CO3094-asynaprous/daemon/backend.py", line 151, in run_backend
    asyncio.run(async_server(ip, port, routes))
  File "/home/codespace/.python/current/lib/python3.12/asyncio/runners.py", line 194, in run
    return runner.run(main)
           ^^^^^^^^^^^^^^^^
  File "/home/codespace/.python/current/lib/python3.12/asyncio/runners.py", line 118, in run
    return self._loop.run_until_complete(task)
           ^^^^^^^^^^^^^^^^^^^^^^^^^^^^^^^^^^^
  File "/home/codespace/.python/current/lib/python3.12/asyncio/base_events.py", line 684, in run_until_complete
    return future.result()
           ^^^^^^^^^^^^^^^
  File "/workspaces/Mmt.assignment/CO3094-asynaprous/daemon/backend.py", line 127, in async_server
    async_server = await asyncio.start_server(_handle_client, ip, port)
                   ^^^^^^^^^^^^^^^^^^^^^^^^^^^^^^^^^^^^^^^^^^^^^^^^^^^^
  File "/home/codespace/.python/current/lib/python3.12/asyncio/streams.py", line 84, in start_server
    return await loop.create_server(factory, host, port, **kwds)
           ^^^^^^^^^^^^^^^^^^^^^^^^^^^^^^^^^^^^^^^^^^^^^^^^^^^^^
  File "/home/codespace/.python/current/lib/python3.12/asyncio/base_events.py", line 1559, in create_server
    raise OSError(err.errno, 'error while attempting '
OSError: [Errno 98] error while attempting to bind on address ('0.0.0.0', 9001): address already in use
