[Backend] run_backend with routes={('POST', '/login'): <function login at 0x7612a4a53ba0>, ('GET', '/whoami'): <function whoami at 0x7612a3f70ea0>, ('POST', '/echo'): <function echo at 0x7612a3f70fe0>, ('PUT', '/hello'): <function hello at 0x7612a3f71120>, ('POST', '/submit-info'): <function submit_info at 0x7612a3f71300>, ('GET', '/get-list'): <function get_list at 0x7612a3f71440>, ('POST', '/add-list'): <function add_list at 0x7612a3f714e0>, ('POST', '/connect-peer'): <function connect_peer at 0x7612a3f71620>, ('POST', '/broadcast-peer'): <function broadcast_peer at 0x7612a3f71760>, ('POST', '/send-peer'): <function send_peer at 0x7612a3f718a0>}
[Backend] Listening on port 9001
[Backend] route settings
   + ('POST', '/login'): <function login at 0x7612a4a53ba0>
   + ('GET', '/whoami'): <function whoami at 0x7612a3f70ea0>
   + ('POST', '/echo'): <function echo at 0x7612a3f70fe0>
   + ('PUT', '/hello'): **ASYNC** <function hello at 0x7612a3f71120>
   + ('POST', '/submit-info'): <function submit_info at 0x7612a3f71300>
   + ('GET', '/get-list'): <function get_list at 0x7612a3f71440>
   + ('POST', '/add-list'): <function add_list at 0x7612a3f714e0>
   + ('POST', '/connect-peer'): <function connect_peer at 0x7612a3f71620>
   + ('POST', '/broadcast-peer'): <function broadcast_peer at 0x7612a3f71760>
   + ('POST', '/send-peer'): <function send_peer at 0x7612a3f718a0>
[Backend] Invoke handle_client accepted connection from ('127.0.0.1', 33228)
[Request] prepare request missg GET / HTTP/1.1
Accept: text/html,application/xhtml+xml,application/xml;q=0.9,image/avif,image/webp,image/apng,*/*;q=0.8,application/signed-exchange;v=b3;q=0.7
Host: localhost:9001
User-Agent: Mozilla/5.0 (Windows NT 10.0; Win64; x64) AppleWebKit/537.36 (KHTML, like Gecko) Chrome/147.0.0.0 Safari/537.36
Accept-Encoding: gzip, deflate, br, zstd
Accept-Language: en-GB,en-US;q=0.9,en;q=0.8,vi;q=0.7
Cache-Control: max-age=0
Referer: https://github.com/
X-Request-ID: 2d5d80815e0b921c444b2be8412e7143
X-Real-IP: 14.169.49.161
X-Forwarded-Port: 443
X-Forwarded-Scheme: https
X-Original-URI: /
X-Scheme: https
sec-fetch-site: cross-site
sec-fetch-mode: navigate
sec-fetch-dest: document
sec-ch-ua: "Google Chrome";v="147", "Not.A/Brand";v="8", "Chromium";v="147"
sec-ch-ua-mobile: ?0
sec-ch-ua-platform: "Windows"
priority: u=0, i
Cookie: _tt_enable_cookie=1; _ttp=01KR3TRWHBK6HG98CEFA67RQNK_.tt.1; ttcsid=1778245202477::J_N2MFzvJpV9ATIKW96s.1.1778248074796.0::1.2869488.1032195::2872315.36.594.721::2871463
[Request] GET path /index.html version HTTP/1.1
[Request] Routing METHOD GET path /index.html
[Request] Hook has request GET / HTTP/1.1
Accept: text/html,application/xhtml+xml,application/xml;q=0.9,image/avif,image/webp,image/apng,*/*;q=0.8,application/signed-exchange;v=b3;q=0.7
Host: localhost:9001
User-Agent: Mozilla/5.0 (Windows NT 10.0; Win64; x64) AppleWebKit/537.36 (KHTML, like Gecko) Chrome/147.0.0.0 Safari/537.36
Accept-Encoding: gzip, deflate, br, zstd
Accept-Language: en-GB,en-US;q=0.9,en;q=0.8,vi;q=0.7
Cache-Control: max-age=0
Referer: https://github.com/
X-Request-ID: 2d5d80815e0b921c444b2be8412e7143
X-Real-IP: 14.169.49.161
X-Forwarded-Port: 443
X-Forwarded-Scheme: https
X-Original-URI: /
X-Scheme: https
sec-fetch-site: cross-site
sec-fetch-mode: navigate
sec-fetch-dest: document
sec-ch-ua: "Google Chrome";v="147", "Not.A/Brand";v="8", "Chromium";v="147"
sec-ch-ua-mobile: ?0
sec-ch-ua-platform: "Windows"
priority: u=0, i
Cookie: _tt_enable_cookie=1; _ttp=01KR3TRWHBK6HG98CEFA67RQNK_.tt.1; ttcsid=1778245202477::J_N2MFzvJpV9ATIKW96s.1.1778248074796.0::1.2869488.1032195::2872315.36.594.721::2871463
[HttpAdapter] Invoke handle_client connection ('127.0.0.1', 33228)
[Response] Start build response with req <daemon.request.Request object at 0x7612a3f37f20>
[Response] GET path /index.html mime_type text/html
[Response] Processing main_type=text sub_type=html
[Response] Serving the object at location www/index.html
[Response] Serving the object at location www/index.html
[Backend] Invoke handle_client accepted connection from ('127.0.0.1', 33238)
[Request] prepare request missg GET /css/styles.css HTTP/1.1
Accept: text/css,*/*;q=0.1
Host: localhost:9001
User-Agent: Mozilla/5.0 (Windows NT 10.0; Win64; x64) AppleWebKit/537.36 (KHTML, like Gecko) Chrome/147.0.0.0 Safari/537.36
Accept-Encoding: gzip, deflate, br, zstd
Accept-Language: en-GB,en-US;q=0.9,en;q=0.8,vi;q=0.7
Referer: https://super-space-carnival-69wwr5qx57h5v5g-9001.app.github.dev/
X-Request-ID: 67c160d1419949d1334ea64247f8be2e
X-Real-IP: 14.169.49.161
X-Forwarded-Port: 443
X-Forwarded-Scheme: https
X-Original-URI: /css/styles.css
X-Scheme: https
sec-ch-ua-platform: "Windows"
sec-ch-ua: "Google Chrome";v="147", "Not.A/Brand";v="8", "Chromium";v="147"
sec-ch-ua-mobile: ?0
sec-fetch-site: same-origin
sec-fetch-mode: no-cors
sec-fetch-dest: style
priority: u=0
Cookie: _tt_enable_cookie=1; _ttp=01KR3TRWHBK6HG98CEFA67RQNK_.tt.1; ttcsid=1778245202477::J_N2MFzvJpV9ATIKW96s.1.1778248074796.0::1.2869488.1032195::2872315.36.594.721::2871463.121.184; ttcsid_D3RFJ0RC77UELR3N68LG=1778245202477::sJS9y9DipPgnqlyw-x4F.1
[Request] GET path /css/styles.css version HTTP/1.1
[Request] Routing METHOD GET path /css/styles.css
[Request] Hook has request GET /css/styles.css HTTP/1.1
Accept: text/css,*/*;q=0.1
Host: localhost:9001
User-Agent: Mozilla/5.0 (Windows NT 10.0; Win64; x64) AppleWebKit/537.36 (KHTML, like Gecko) Chrome/147.0.0.0 Safari/537.36
Accept-Encoding: gzip, deflate, br, zstd
Accept-Language: en-GB,en-US;q=0.9,en;q=0.8,vi;q=0.7
Referer: https://super-space-carnival-69wwr5qx57h5v5g-9001.app.github.dev/
X-Request-ID: 67c160d1419949d1334ea64247f8be2e
X-Real-IP: 14.169.49.161
X-Forwarded-Port: 443
X-Forwarded-Scheme: https
X-Original-URI: /css/styles.css
X-Scheme: https
sec-ch-ua-platform: "Windows"
sec-ch-ua: "Google Chrome";v="147", "Not.A/Brand";v="8", "Chromium";v="147"
sec-ch-ua-mobile: ?0
sec-fetch-site: same-origin
sec-fetch-mode: no-cors
sec-fetch-dest: style
priority: u=0
Cookie: _tt_enable_cookie=1; _ttp=01KR3TRWHBK6HG98CEFA67RQNK_.tt.1; ttcsid=1778245202477::J_N2MFzvJpV9ATIKW96s.1.1778248074796.0::1.2869488.1032195::2872315.36.594.721::2871463.121.184; ttcsid_D3RFJ0RC77UELR3N68LG=1778245202477::sJS9y9DipPgnqlyw-x4F.1
[HttpAdapter] Invoke handle_client connection ('127.0.0.1', 33238)
[Response] Start build response with req <daemon.request.Request object at 0x7612a3f37a70>
[Response] GET path /css/styles.css mime_type text/css
[Response] Processing main_type=text sub_type=css
[Response] Serving the object at location static/css/styles.css
[Response] Serving the object at location static/css/styles.css
[Backend] Invoke handle_client accepted connection from ('127.0.0.1', 33254)
[Request] prepare request missg GET /images/welcome.png HTTP/1.1
Accept: image/avif,image/webp,image/apng,image/svg+xml,image/*,*/*;q=0.8
Host: localhost:9001
User-Agent: Mozilla/5.0 (Windows NT 10.0; Win64; x64) AppleWebKit/537.36 (KHTML, like Gecko) Chrome/147.0.0.0 Safari/537.36
Accept-Encoding: gzip, deflate, br, zstd
Accept-Language: en-GB,en-US;q=0.9,en;q=0.8,vi;q=0.7
Referer: https://super-space-carnival-69wwr5qx57h5v5g-9001.app.github.dev/
X-Request-ID: d3c0fcbe80d9852f1fe4d771b928971c
X-Real-IP: 14.169.49.161
X-Forwarded-Port: 443
X-Forwarded-Scheme: https
X-Original-URI: /images/welcome.png
X-Scheme: https
sec-ch-ua-platform: "Windows"
sec-ch-ua: "Google Chrome";v="147", "Not.A/Brand";v="8", "Chromium";v="147"
sec-ch-ua-mobile: ?0
sec-fetch-site: same-origin
sec-fetch-mode: no-cors
sec-fetch-dest: image
priority: u=2, i
Cookie: _tt_enable_cookie=1; _ttp=01KR3TRWHBK6HG98CEFA67RQNK_.tt.1; ttcsid=1778245202477::J_N2MFzvJpV9ATIKW96s.1.1778248074796.0::1.2869488.1032195::2872315.36.594.721::2871463.121.184; ttcsid_D
[Request] GET path /images/welcome.png version HTTP/1.1
[Request] Routing METHOD GET path /images/welcome.png
[Request] Hook has request GET /images/welcome.png HTTP/1.1
Accept: image/avif,image/webp,image/apng,image/svg+xml,image/*,*/*;q=0.8
Host: localhost:9001
User-Agent: Mozilla/5.0 (Windows NT 10.0; Win64; x64) AppleWebKit/537.36 (KHTML, like Gecko) Chrome/147.0.0.0 Safari/537.36
Accept-Encoding: gzip, deflate, br, zstd
Accept-Language: en-GB,en-US;q=0.9,en;q=0.8,vi;q=0.7
Referer: https://super-space-carnival-69wwr5qx57h5v5g-9001.app.github.dev/
X-Request-ID: d3c0fcbe80d9852f1fe4d771b928971c
X-Real-IP: 14.169.49.161
X-Forwarded-Port: 443
X-Forwarded-Scheme: https
X-Original-URI: /images/welcome.png
X-Scheme: https
sec-ch-ua-platform: "Windows"
sec-ch-ua: "Google Chrome";v="147", "Not.A/Brand";v="8", "Chromium";v="147"
sec-ch-ua-mobile: ?0
sec-fetch-site: same-origin
sec-fetch-mode: no-cors
sec-fetch-dest: image
priority: u=2, i
Cookie: _tt_enable_cookie=1; _ttp=01KR3TRWHBK6HG98CEFA67RQNK_.tt.1; ttcsid=1778245202477::J_N2MFzvJpV9ATIKW96s.1.1778248074796.0::1.2869488.1032195::2872315.36.594.721::2871463.121.184; ttcsid_D
[HttpAdapter] Invoke handle_client connection ('127.0.0.1', 33254)
[Response] Start build response with req <daemon.request.Request object at 0x7612a3f37380>
[Response] GET path /images/welcome.png mime_type image/png
[Backend] Invoke handle_client accepted connection from ('127.0.0.1', 33270)
[Request] prepare request missg GET /favicon.ico HTTP/1.1
Accept: image/avif,image/webp,image/apng,image/svg+xml,image/*,*/*;q=0.8
Host: localhost:9001
User-Agent: Mozilla/5.0 (Windows NT 10.0; Win64; x64) AppleWebKit/537.36 (KHTML, like Gecko) Chrome/147.0.0.0 Safari/537.36
Accept-Encoding: gzip, deflate, br, zstd
Accept-Language: en-GB,en-US;q=0.9,en;q=0.8,vi;q=0.7
Referer: https://super-space-carnival-69wwr5qx57h5v5g-9001.app.github.dev/
X-Request-ID: d63a4b37859bd73bd936a33b831f2ae9
X-Real-IP: 14.169.49.161
X-Forwarded-Port: 443
X-Forwarded-Scheme: https
X-Original-URI: /favicon.ico
X-Scheme: https
sec-ch-ua-platform: "Windows"
sec-ch-ua: "Google Chrome";v="147", "Not.A/Brand";v="8", "Chromium";v="147"
sec-ch-ua-mobile: ?0
sec-fetch-site: same-origin
sec-fetch-mode: no-cors
sec-fetch-dest: image
priority: u=1, i
Cookie: _tt_enable_cookie=1; _ttp=01KR3TRWHBK6HG98CEFA67RQNK_.tt.1; ttcsid=1778245202477::J_N2MFzvJpV9ATIKW96s.1.1778248074796.0::1.2869488.1032195::2872315.36.594.721::2871463.121.184; ttcsid_D3RFJ0RC77UELR3
[Request] GET path /favicon.ico version HTTP/1.1
[Request] Routing METHOD GET path /favicon.ico
[Request] Hook has request GET /favicon.ico HTTP/1.1
Accept: image/avif,image/webp,image/apng,image/svg+xml,image/*,*/*;q=0.8
Host: localhost:9001
User-Agent: Mozilla/5.0 (Windows NT 10.0; Win64; x64) AppleWebKit/537.36 (KHTML, like Gecko) Chrome/147.0.0.0 Safari/537.36
Accept-Encoding: gzip, deflate, br, zstd
Accept-Language: en-GB,en-US;q=0.9,en;q=0.8,vi;q=0.7
Referer: https://super-space-carnival-69wwr5qx57h5v5g-9001.app.github.dev/
X-Request-ID: d63a4b37859bd73bd936a33b831f2ae9
X-Real-IP: 14.169.49.161
X-Forwarded-Port: 443
X-Forwarded-Scheme: https
X-Original-URI: /favicon.ico
X-Scheme: https
sec-ch-ua-platform: "Windows"
sec-ch-ua: "Google Chrome";v="147", "Not.A/Brand";v="8", "Chromium";v="147"
sec-ch-ua-mobile: ?0
sec-fetch-site: same-origin
sec-fetch-mode: no-cors
sec-fetch-dest: image
priority: u=1, i
Cookie: _tt_enable_cookie=1; _ttp=01KR3TRWHBK6HG98CEFA67RQNK_.tt.1; ttcsid=1778245202477::J_N2MFzvJpV9ATIKW96s.1.1778248074796.0::1.2869488.1032195::2872315.36.594.721::2871463.121.184; ttcsid_D3RFJ0RC77UELR3
[HttpAdapter] Invoke handle_client connection ('127.0.0.1', 33270)
[Response] Start build response with req <daemon.request.Request object at 0x7612a3f37a70>
[Response] GET path /favicon.ico mime_type image/vnd.microsoft.icon
[Backend] Invoke handle_client accepted connection from ('127.0.0.1', 46780)
[Request] prepare request missg GET /login HTTP/1.1
Host: localhost:8080
User-Agent: curl/8.5.0
Accept: */*
Authorization: Basic c3R1ZGVudDpwYXNzMTIz


[Request] GET path /login version HTTP/1.1
[Request] Routing METHOD GET path /login
[Request] Hook has request GET /login HTTP/1.1
Host: localhost:8080
User-Agent: curl/8.5.0
Accept: */*
Authorization: Basic c3R1ZGVudDpwYXNzMTIz


[HttpAdapter] Invoke handle_client connection ('127.0.0.1', 46780)
[Response] Start build response with req <daemon.request.Request object at 0x7612a3f37350>
[Response] GET path /login mime_type application/octet-stream
[Response] Processing main_type=application sub_type=json
[Backend] Invoke handle_client accepted connection from ('127.0.0.1', 52082)
[Request] prepare request missg GET /login HTTP/1.1
Host: localhost:8080
User-Agent: curl/8.5.0
Accept: */*
Authorization: Basic c3R1ZGVudDpwYXNzMTIz


[Request] GET path /login version HTTP/1.1
[Request] Routing METHOD GET path /login
[Request] Hook has request GET /login HTTP/1.1
Host: localhost:8080
User-Agent: curl/8.5.0
Accept: */*
Authorization: Basic c3R1ZGVudDpwYXNzMTIz


[HttpAdapter] Invoke handle_client connection ('127.0.0.1', 52082)
[Response] Start build response with req <daemon.request.Request object at 0x7612a3f37a70>
[Response] GET path /login mime_type application/octet-stream
[Response] Processing main_type=application sub_type=json
[Backend] Invoke handle_client accepted connection from ('127.0.0.1', 42246)
[Request] prepare request missg POST /submit-info HTTP/1.1
Host: 127.0.0.1:9001
User-Agent: curl/8.5.0
Accept: */*
Content-Type: application/json
Content-Length: 51

{"peer_id":"peer1","ip":"192.168.1.10","port":5001}
[Request] POST path /submit-info version HTTP/1.1
[Request] Routing METHOD POST path /submit-info
[Request] Hook has request POST /submit-info HTTP/1.1
Host: 127.0.0.1:9001
User-Agent: curl/8.5.0
Accept: */*
Content-Type: application/json
Content-Length: 51

{"peer_id":"peer1","ip":"192.168.1.10","port":5001}
[HttpAdapter] Invoke handle_client connection ('127.0.0.1', 42246)
[Backend] Invoke handle_client accepted connection from ('127.0.0.1', 50198)
[Request] prepare request missg POST /submit-info HTTP/1.1
Host: 127.0.0.1:9001
User-Agent: curl/8.5.0
Accept: */*
Content-Type: application/json
Content-Length: 51

{"peer_id":"peer2","ip":"192.168.1.20","port":5002}
[Request] POST path /submit-info version HTTP/1.1
[Request] Routing METHOD POST path /submit-info
[Request] Hook has request POST /submit-info HTTP/1.1
Host: 127.0.0.1:9001
User-Agent: curl/8.5.0
Accept: */*
Content-Type: application/json
Content-Length: 51

{"peer_id":"peer2","ip":"192.168.1.20","port":5002}
[HttpAdapter] Invoke handle_client connection ('127.0.0.1', 50198)
[Backend] Invoke handle_client accepted connection from ('127.0.0.1', 55616)
[Request] prepare request missg GET /get-list HTTP/1.1
Host: 127.0.0.1:9001
User-Agent: curl/8.5.0
Accept: */*


[Request] GET path /get-list version HTTP/1.1
[Request] Routing METHOD GET path /get-list
[Request] Hook has request GET /get-list HTTP/1.1
Host: 127.0.0.1:9001
User-Agent: curl/8.5.0
Accept: */*


[HttpAdapter] Invoke handle_client connection ('127.0.0.1', 55616)
[Backend] Invoke handle_client accepted connection from ('127.0.0.1', 48278)
[Request] prepare request missg GET /login HTTP/1.1
Host: 127.0.0.1:9001
User-Agent: curl/8.5.0
Accept: */*
Authorization: Basic c3R1ZGVudDpwYXNzMTIz


[Request] GET path /login version HTTP/1.1
[Request] Routing METHOD GET path /login
[Request] Hook has request GET /login HTTP/1.1
Host: 127.0.0.1:9001
User-Agent: curl/8.5.0
Accept: */*
Authorization: Basic c3R1ZGVudDpwYXNzMTIz


[HttpAdapter] Invoke handle_client connection ('127.0.0.1', 48278)
[Response] Start build response with req <daemon.request.Request object at 0x7612a3f57fb0>
[Response] GET path /login mime_type application/octet-stream
[Response] Processing main_type=application sub_type=json
[Backend] Invoke handle_client accepted connection from ('127.0.0.1', 48286)
[Request] prepare request missg GET /get-list HTTP/1.1
Host: 127.0.0.1:9001
User-Agent: curl/8.5.0
Accept: */*


[Request] GET path /get-list version HTTP/1.1
[Request] Routing METHOD GET path /get-list
